16 jeux x 3 essais = 48 runs, 3 en parallele
  [  1/ 48] E000                   ucs    pic=109.348  bts=          1056 s
  [  2/ 48] E000                   bts    pic=         bts=11.4605     11 s
  [  3/ 48] E000                   tx20   pic=309.378  bts=           454 s
  [  4/ 48] E001                   ucs    pic=116.63   bts=           815 s
  [  5/ 48] E001                   bts    pic=         bts=11.6492     18 s
  [  6/ 48] E001                   tx20   pic=274.122  bts=           438 s
  [  7/ 48] E002                   ucs    pic=106.638  bts=           647 s
  [  8/ 48] E002                   bts    pic=         bts=13.2801     17 s
  [  9/ 48] E002                   tx20   pic=284.032  bts=           449 s
  [ 10/ 48] E003                   ucs    pic=106.408  bts=           900 s
  [ 11/ 48] E003                   bts    pic=         bts=11.0412     16 s
  [ 12/ 48] E003                   tx20   pic=306.827  bts=           410 s
  [ 13/ 48] E004                   ucs    pic=108.88   bts=           747 s
  [ 14/ 48] E004                   bts    pic=         bts=11.7535     15 s
  [ 15/ 48] E004                   tx20   pic=386.695  bts=           524 s
  [ 16/ 48] E005                   ucs    pic=139.489  bts=           675 s
  [ 17/ 48] E005                   bts    pic=         bts=13.3733     23 s
  [ 18/ 48] E005                   tx20   pic=315.124  bts=           409 s
  [ 19/ 48] E006                   ucs    pic=83.9219  bts=           649 s
  [ 20/ 48] E006                   bts    pic=         bts=11.5673     22 s
  [ 21/ 48] E006                   tx20   pic=207.353  bts=           453 s
  [ 22/ 48] E007                   ucs    pic=97.8964  bts=           922 s
  [ 23/ 48] E007                   bts    pic=         bts=13.0463     21 s
  [ 24/ 48] E007                   tx20   pic=239.408  bts=           479 s
  [ 25/ 48] E008                   ucs    pic=137.628  bts=           605 s
  [ 26/ 48] E008                   bts    pic=         bts=13.7395     23 s
  [ 27/ 48] E008                   tx20   pic=311.708  bts=           397 s
  [ 28/ 48] E009                   ucs    pic=86.4654  bts=           539 s
  [ 29/ 48] E009                   bts    pic=         bts=11.7512     22 s
  [ 30/ 48] E009                   tx20   pic=200.088  bts=           450 s
  [ 31/ 48] E010                   ucs    pic=84.8894  bts=           850 s
  [ 32/ 48] E010                   bts    pic=         bts=11.9135     16 s
  [ 33/ 48] E010                   tx20   pic=232.133  bts=           442 s
  [ 34/ 48] E011                   ucs    pic=101.53   bts=           727 s
  [ 35/ 48] E011                   bts    pic=         bts=13.8235     15 s
  [ 36/ 48] E011                   tx20   pic=225.384  bts=           430 s
  [ 37/ 48] E012                   ucs    pic=117.811  bts=           808 s
  [ 38/ 48] E012                   bts    pic=         bts=14.0663     18 s
  [ 39/ 48] E012                   tx20   pic=258.571  bts=           482 s
  [ 40/ 48] E013                   ucs    pic=82.6048  bts=           821 s
  [ 41/ 48] E013                   bts    pic=         bts=11.2585     18 s
  [ 42/ 48] E013                   tx20   pic=223.005  bts=           514 s
  [ 43/ 48] E014                   ucs    pic=85.8902  bts=           513 s
  [ 44/ 48] E014                   bts    pic=         bts=12.4491     24 s
  [ 45/ 48] E014                   tx20   pic=178.905  bts=           492 s
  [ 46/ 48] E015                   ucs    pic=96.5505  bts=           620 s
  [ 47/ 48] E015                   bts    pic=         bts=12.0598     20 s
  [ 48/ 48] E015                   tx20   pic=220.363  bts=           446 s
ecrit C:\Users\fuzquianoalricabi\Downloads\rockim_p1\calibration_redbohus\points_results.csv
TERMINE 
