44 jeux x 3 essais = 132 runs, 3 en parallele
  [  1/132] L000                   ucs    pic=317.318  bts=            95 s
  [  2/132] L000                   bts    pic=         bts=37.0405     14 s
  [  3/132] L000                   tx20   pic=382.782  bts=           182 s
  [  4/132] L001                   ucs    pic=63.6659  bts=           264 s
  [  5/132] L001                   bts    pic=         bts=12.9714     14 s
  [  6/132] L001                   tx20   pic=113.957  bts=           214 s
  [  7/132] L002                   ucs    pic=223.819  bts=           651 s
  [  8/132] L002                   bts    pic=         bts=18.1628     17 s
  [  9/132] L002                   tx20   pic=634.315  bts=           201 s
  [ 10/132] L003                   ucs    pic=275.806  bts=           249 s
  [ 11/132] L003                   bts    pic=         bts=22.3        15 s
  [ 12/132] L003                   tx20   pic=593.17   bts=           170 s
  [ 13/132] L004                   ucs    pic=134.096  bts=           280 s
  [ 14/132] L004                   bts    pic=         bts=24.7407     11 s
  [ 15/132] L004                   tx20   pic=187.224  bts=           310 s
  [ 16/132] L005                   ucs    pic=607.074  bts=           267 s
  [ 17/132] L005                   bts    pic=         bts=37.0477     14 s
  [ 18/132] L005                   tx20   pic=771.606  bts=           219 s
  [ 19/132] L006                   ucs    pic=247.52   bts=            56 s
  [ 20/132] L006                   bts    pic=         bts=36.95       12 s
  [ 21/132] L006                   tx20   pic=322.227  bts=           243 s
  [ 22/132] L007                   ucs    pic=615.408  bts=           228 s
  [ 23/132] L007                   bts    pic=         bts=36.6269     15 s
  [ 24/132] L007                   tx20   pic=686.242  bts=           167 s
  [ 25/132] L008                   ucs    pic=330.58   bts=           133 s
  [ 26/132] L008                   bts    pic=         bts=37.0399     18 s
  [ 27/132] L008                   tx20   pic=435.087  bts=           206 s
  [ 28/132] L009                   ucs    pic=313.458  bts=           262 s
  [ 29/132] L009                   bts    pic=         bts=37.0646     14 s
  [ 30/132] L009                   tx20   pic=585.73   bts=           303 s
  [ 31/132] L010                   ucs    pic=176.488  bts=           620 s
  [ 32/132] L010                   bts    pic=         bts=25.9094     12 s
  [ 33/132] L010                   tx20   pic=381.736  bts=           275 s
  [ 34/132] L011                   ucs    pic=108.932  bts=           304 s
  [ 35/132] L011                   bts    pic=         bts=18.1023     12 s
  [ 36/132] L011                   tx20   pic=163.635  bts=           222 s
  [ 37/132] L012                   ucs    pic=179.683  bts=            79 s
  [ 38/132] L012                   bts    pic=         bts=31.8693     14 s
  [ 39/132] L012                   tx20   pic=218.676  bts=           262 s
  [ 40/132] L013                   ucs    pic=734.393  bts=           352 s
  [ 41/132] L013                   bts    pic=         bts=35.9821     17 s
  [ 42/132] L013                   tx20   pic=673.022  bts=           215 s
  [ 43/132] L014                   ucs    pic=353.439  bts=           325 s
  [ 44/132] L014                   bts    pic=         bts=35.3271     20 s
  [ 45/132] L014                   tx20   pic=505.365  bts=           262 s
  [ 46/132] L015                   ucs    pic=137.221  bts=           421 s
  [ 47/132] L015                   bts    pic=         bts=24.3237     20 s
  [ 48/132] L015                   tx20   pic=200.344  bts=           367 s
  [ 49/132] L016                   ucs    pic=196.566  bts=           112 s
  [ 50/132] L016                   bts    pic=         bts=31.6105     20 s
  [ 51/132] L016                   tx20   pic=238.587  bts=           368 s
  [ 52/132] L017                   ucs    pic=273.039  bts=           245 s
  [ 53/132] L017                   bts    pic=         bts=37.0182     20 s
  [ 54/132] L017                   tx20   pic=330.777  bts=           619 s
  [ 55/132] L018                   ucs    pic=364.211  bts=           760 s
  [ 56/132] L018                   bts    pic=         bts=37.0376     20 s
  [ 57/132] L018                   tx20   pic=827.547  bts=           575 s
  [ 58/132] L019                   ucs    pic=312.299  bts=           156 s
  [ 59/132] L019                   bts    pic=         bts=37.0806     19 s
  [ 60/132] L019                   tx20   pic=380.688  bts=           304 s
  [ 61/132] L020                   ucs    pic=232.375  bts=           537 s
  [ 62/132] L020                   bts    pic=         bts=25.5525     25 s
  [ 63/132] L020                   tx20   pic=380.447  bts=           300 s
  [ 64/132] L021                   ucs    pic=187.313  bts=           115 s
  [ 65/132] L021                   bts    pic=         bts=29.492      18 s
TERMINE 
