60 jeux x 2 essais = 120 runs, 3 en parallele
  [  1/120] L000                   tx20   pic=382.782  bts=           702 s
  [  2/120] L000                   tx50   pic=479.894  bts=           550 s
  [  3/120] L001                   tx20   pic=113.957  bts=           738 s
  [  4/120] L001                   tx50   pic=202.764  bts=           738 s
  [  5/120] L002                   tx20   pic=1338.09  bts=          1253 s
  [  6/120] L002                   tx50   pic=1197.34  bts=           710 s
  [  7/120] L003                   tx20   pic=593.17   bts=           722 s
  [  8/120] L003                   tx50   pic=845.873  bts=           506 s
  [  9/120] L004                   tx20   pic=187.224  bts=          1098 s
  [ 10/120] L004                   tx50   pic=270.923  bts=           907 s
  [ 11/120] L005                   tx20   pic=869.556  bts=           678 s
  [ 12/120] L005                   tx50   pic=883.447  bts=           722 s
  [ 13/120] L006                   tx20   pic=322.227  bts=           789 s
  [ 14/120] L006                   tx50   pic=358.967  bts=           809 s
  [ 15/120] L007                   tx20   pic=1376.06  bts=           505 s
  [ 16/120] L007                   tx50   pic=1104.14  bts=           442 s
  [ 17/120] L008                   tx20   pic=         bts=           717 s
  [ 18/120] L008                   tx50   pic=546.47   bts=           606 s
  [ 19/120] L009                   tx20   pic=         bts=           486 s
  [ 20/120] L009                   tx50   pic=         bts=            57 s
  [ 21/120] L010                   tx20   pic=         bts=             2 s
  [ 22/120] L010                   tx50   pic=         bts=             2 s
  [ 23/120] L011                   tx20   pic=         bts=             2 s
  [ 24/120] L011                   tx50   pic=         bts=            10 s
  [ 25/120] L012                   tx20   pic=         bts=            10 s
  [ 26/120] L012                   tx50   pic=         bts=            10 s
  [ 27/120] L013                   tx20   pic=         bts=             2 s
  [ 28/120] L013                   tx50   pic=         bts=             2 s
  [ 29/120] L014                   tx20   pic=         bts=             2 s
